// Jest Snapshot v1, https://goo.gl/fbAQLP

exports[`todo input match with snapshot 1`] = `
<div
  className="todoForm"
>
  <form
    className="form_container form_container--dark"
    onSubmit={[Function]}
  >
    <input
      className="input_checkBox "
      maxlength="280"
      name="Todo completed state"
      onChange={[Function]}
      type="checkbox"
    />
    <input
      className="input_text input_text--dark"
      name="todo text"
      onChange={[Function]}
      placeholder="Create a new todo..."
      required={true}
      type="text"
      value=""
    />
  </form>
</div>
`;
